2026-08-21 01:47:18.035: [INFO] CurrentProfilePath: C:\Users\sergi\OneDrive\Escritorio\academiaMonterrey\Semana2\.metadata\.plugins\org.eclipse.swt\EBWebView\Default
2026-08-21 01:47:18.035: [INFO] Profiles total count: 1
2026-08-21 01:47:18.035: [INFO] Profile: name=Perfil 1 path=C:\Users\sergi\OneDrive\Escritorio\academiaMonterrey\Semana2\.metadata\.plugins\org.eclipse.swt\EBWebView\Default lastActive=null
2026-08-21 01:47:18.035: [INFO] LastUsedProfileDir: C:\Users\sergi\OneDrive\Escritorio\academiaMonterrey\Semana2\.metadata\.plugins\org.eclipse.swt\EBWebView\Default
2026-08-21 01:47:18.035: [INFO] OnDoneLoading sync enabled: 0
2026-08-21 01:47:18.035: [INFO] BookmarkModelLoaded, ids_reassigned: 0
2026-08-21 01:47:18.035: [INFO] BookmarksLoadDropped droppedNodes=0
2026-08-21 01:47:18.035: [INFO] BookmarksSnapshot Startup total=0 bar=0 other=0 mobile=0 showBar=0 showBarNTP=1
2026-08-21 01:47:26.096: [INFO] BookmarksSnapshot Shutdown total=0 bar=0 other=0 mobile=0 showBar=0 showBarNTP=1
2026-08-21 01:47:27.569: [INFO] CurrentProfilePath: C:\Users\sergi\OneDrive\Escritorio\academiaMonterrey\Semana2\.metadata\.plugins\org.eclipse.swt\EBWebView\Default
2026-08-21 01:47:27.569: [INFO] Profiles total count: 1
2026-08-21 01:47:27.569: [INFO] Profile: name=Perfil 1 path=C:\Users\sergi\OneDrive\Escritorio\academiaMonterrey\Semana2\.metadata\.plugins\org.eclipse.swt\EBWebView\Default lastActive=2026-08-21T01:47:18.785Z
2026-08-21 01:47:27.570: [INFO] LastUsedProfileDir: C:\Users\sergi\OneDrive\Escritorio\academiaMonterrey\Semana2\.metadata\.plugins\org.eclipse.swt\EBWebView\Default
2026-08-21 01:47:27.570: [INFO] MostRecentlyActiveProfile: name=Perfil 1 path=C:\Users\sergi\OneDrive\Escritorio\academiaMonterrey\Semana2\.metadata\.plugins\org.eclipse.swt\EBWebView\Default lastActive=2026-08-21T01:47:18.785Z
2026-08-21 01:47:27.570: [INFO] OnDoneLoading sync enabled: 0
2026-08-21 01:47:27.570: [INFO] BookmarkModelLoaded, ids_reassigned: 0
2026-08-21 01:47:27.570: [INFO] BookmarksLoadDropped droppedNodes=0
2026-08-21 01:47:27.570: [INFO] BookmarksSnapshot Startup total=0 bar=0 other=0 mobile=0 showBar=0 showBarNTP=1
2026-08-21 01:47:45.541: [INFO] BookmarksSnapshot Shutdown total=0 bar=0 other=0 mobile=0 showBar=0 showBarNTP=1
2026-08-21 01:51:02.834: [INFO] CurrentProfilePath: C:\Users\sergi\OneDrive\Escritorio\academiaMonterrey\Semana2\.metadata\.plugins\org.eclipse.swt\EBWebView\Default
2026-08-21 01:51:02.834: [INFO] Profiles total count: 1
2026-08-21 01:51:02.835: [INFO] Profile: name=Perfil 1 path=C:\Users\sergi\OneDrive\Escritorio\academiaMonterrey\Semana2\.metadata\.plugins\org.eclipse.swt\EBWebView\Default lastActive=2026-08-21T01:47:44.322Z
2026-08-21 01:51:02.835: [INFO] LastUsedProfileDir: C:\Users\sergi\OneDrive\Escritorio\academiaMonterrey\Semana2\.metadata\.plugins\org.eclipse.swt\EBWebView\Default
2026-08-21 01:51:02.835: [INFO] MostRecentlyActiveProfile: name=Perfil 1 path=C:\Users\sergi\OneDrive\Escritorio\academiaMonterrey\Semana2\.metadata\.plugins\org.eclipse.swt\EBWebView\Default lastActive=2026-08-21T01:47:44.322Z
2026-08-21 01:51:02.835: [INFO] OnDoneLoading sync enabled: 0
2026-08-21 01:51:02.835: [INFO] BookmarkModelLoaded, ids_reassigned: 0
2026-08-21 01:51:02.835: [INFO] BookmarksLoadDropped droppedNodes=0
2026-08-21 01:51:02.835: [INFO] BookmarksSnapshot Startup total=0 bar=0 other=0 mobile=0 showBar=0 showBarNTP=1
2026-08-21 01:52:43.610: [INFO] BookmarksSnapshot Shutdown total=0 bar=0 other=0 mobile=0 showBar=0 showBarNTP=1
2026-08-21 01:56:36.704: [INFO] CurrentProfilePath: C:\Users\sergi\OneDrive\Escritorio\academiaMonterrey\Semana2\.metadata\.plugins\org.eclipse.swt\EBWebView\Default
2026-08-21 01:56:36.704: [INFO] Profiles total count: 1
2026-08-21 01:56:36.704: [INFO] Profile: name=Perfil 1 path=C:\Users\sergi\OneDrive\Escritorio\academiaMonterrey\Semana2\.metadata\.plugins\org.eclipse.swt\EBWebView\Default lastActive=2026-08-21T01:52:42.466Z
2026-08-21 01:56:36.704: [INFO] LastUsedProfileDir: C:\Users\sergi\OneDrive\Escritorio\academiaMonterrey\Semana2\.metadata\.plugins\org.eclipse.swt\EBWebView\Default
2026-08-21 01:56:36.704: [INFO] MostRecentlyActiveProfile: name=Perfil 1 path=C:\Users\sergi\OneDrive\Escritorio\academiaMonterrey\Semana2\.metadata\.plugins\org.eclipse.swt\EBWebView\Default lastActive=2026-08-21T01:52:42.466Z
2026-08-21 01:56:36.704: [INFO] OnDoneLoading sync enabled: 0
2026-08-21 01:56:36.704: [INFO] BookmarkModelLoaded, ids_reassigned: 0
2026-08-21 01:56:36.704: [INFO] BookmarksLoadDropped droppedNodes=0
2026-08-21 01:56:36.704: [INFO] BookmarksSnapshot Startup total=0 bar=0 other=0 mobile=0 showBar=0 showBarNTP=1
2026-08-21 03:05:36.903: [INFO] BookmarksSnapshot Shutdown total=0 bar=0 other=0 mobile=0 showBar=0 showBarNTP=1
2026-08-21 03:56:49.052: [INFO] CurrentProfilePath: C:\Users\sergi\OneDrive\Escritorio\academiaMonterrey\Semana2\.metadata\.plugins\org.eclipse.swt\EBWebView\Default
2026-08-21 03:56:49.052: [INFO] Profiles total count: 1
2026-08-21 03:56:49.052: [INFO] Profile: name=Perfil 1 path=C:\Users\sergi\OneDrive\Escritorio\academiaMonterrey\Semana2\.metadata\.plugins\org.eclipse.swt\EBWebView\Default lastActive=2026-08-21T01:52:42.466Z
2026-08-21 03:56:49.052: [INFO] LastUsedProfileDir: C:\Users\sergi\OneDrive\Escritorio\academiaMonterrey\Semana2\.metadata\.plugins\org.eclipse.swt\EBWebView\Default
2026-08-21 03:56:49.052: [INFO] MostRecentlyActiveProfile: name=Perfil 1 path=C:\Users\sergi\OneDrive\Escritorio\academiaMonterrey\Semana2\.metadata\.plugins\org.eclipse.swt\EBWebView\Default lastActive=2026-08-21T01:52:42.466Z
2026-08-21 03:56:49.052: [INFO] OnDoneLoading sync enabled: 0
2026-08-21 03:56:49.052: [INFO] BookmarkModelLoaded, ids_reassigned: 0
2026-08-21 03:56:49.052: [INFO] BookmarksLoadDropped droppedNodes=0
2026-08-21 03:56:49.052: [INFO] BookmarksSnapshot Startup total=0 bar=0 other=0 mobile=0 showBar=0 showBarNTP=1
2026-08-21 03:56:52.135: [INFO] BookmarksSnapshot Shutdown total=0 bar=0 other=0 mobile=0 showBar=0 showBarNTP=1
2026-08-21 03:57:52.908: [INFO] CurrentProfilePath: C:\Users\sergi\OneDrive\Escritorio\academiaMonterrey\Semana2\.metadata\.plugins\org.eclipse.swt\EBWebView\Default
2026-08-21 03:57:52.908: [INFO] Profiles total count: 1
2026-08-21 03:57:52.909: [INFO] Profile: name=Perfil 1 path=C:\Users\sergi\OneDrive\Escritorio\academiaMonterrey\Semana2\.metadata\.plugins\org.eclipse.swt\EBWebView\Default lastActive=2026-08-21T03:56:51.152Z
2026-08-21 03:57:52.909: [INFO] LastUsedProfileDir: C:\Users\sergi\OneDrive\Escritorio\academiaMonterrey\Semana2\.metadata\.plugins\org.eclipse.swt\EBWebView\Default
2026-08-21 03:57:52.909: [INFO] MostRecentlyActiveProfile: name=Perfil 1 path=C:\Users\sergi\OneDrive\Escritorio\academiaMonterrey\Semana2\.metadata\.plugins\org.eclipse.swt\EBWebView\Default lastActive=2026-08-21T03:56:51.152Z
2026-08-21 03:57:52.909: [INFO] OnDoneLoading sync enabled: 0
2026-08-21 03:57:52.909: [INFO] BookmarkModelLoaded, ids_reassigned: 0
2026-08-21 03:57:52.909: [INFO] BookmarksLoadDropped droppedNodes=0
2026-08-21 03:57:52.909: [INFO] BookmarksSnapshot Startup total=0 bar=0 other=0 mobile=0 showBar=0 showBarNTP=1
2026-08-21 04:59:14.075: [INFO] BookmarksSnapshot Shutdown total=0 bar=0 other=0 mobile=0 showBar=0 showBarNTP=1
2026-08-21 16:11:09.711: [INFO] CurrentProfilePath: C:\Users\sergi\OneDrive\Escritorio\academiaMonterrey\Semana2\.metadata\.plugins\org.eclipse.swt\EBWebView\Default
2026-08-21 16:11:09.711: [INFO] Profiles total count: 1
2026-08-21 16:11:09.711: [INFO] Profile: name=Perfil 1 path=C:\Users\sergi\OneDrive\Escritorio\academiaMonterrey\Semana2\.metadata\.plugins\org.eclipse.swt\EBWebView\Default lastActive=2026-08-21T03:56:51.152Z
2026-08-21 16:11:09.711: [INFO] LastUsedProfileDir: C:\Users\sergi\OneDrive\Escritorio\academiaMonterrey\Semana2\.metadata\.plugins\org.eclipse.swt\EBWebView\Default
2026-08-21 16:11:09.711: [INFO] MostRecentlyActiveProfile: name=Perfil 1 path=C:\Users\sergi\OneDrive\Escritorio\academiaMonterrey\Semana2\.metadata\.plugins\org.eclipse.swt\EBWebView\Default lastActive=2026-08-21T03:56:51.152Z
2026-08-21 16:11:09.711: [INFO] OnDoneLoading sync enabled: 0
2026-08-21 16:11:09.711: [INFO] BookmarkModelLoaded, ids_reassigned: 0
2026-08-21 16:11:09.711: [INFO] BookmarksLoadDropped droppedNodes=0
2026-08-21 16:11:09.711: [INFO] BookmarksSnapshot Startup total=0 bar=0 other=0 mobile=0 showBar=0 showBarNTP=1
2026-08-21 16:11:20.849: [INFO] BookmarksSnapshot Shutdown total=0 bar=0 other=0 mobile=0 showBar=0 showBarNTP=1
